test1 
insert test2
github editor
